// Jest Snapshot v1, https://goo.gl/fbAQLP

exports[`matches snapshot 1`] = `
<div
  className="taskBody"
>
  <div
    className="headingFont boldHeader"
  >
    List Of Tasks
  </div>
  <div
    className="taskContainer"
  >
    <div
      className="taskContainerBorder"
    >
      <div
        className="displayHeader"
      >
        <div
          className="displayHeaderSize boldHeader"
        >
          Pending Tasks
        </div>
        <div
          className="circle"
        >
          1
        </div>
      </div>
      <div
        className="ant-row"
        style={Object {}}
      >
        <div
          className="ant-table-wrapper"
        >
          <div
            className="ant-spin-nested-loading"
          >
            <div
              className="ant-spin-container"
            >
              <div
                className="ant-table"
              >
                <div
                  className="ant-table-container"
                >
                  <div
                    className="ant-table-content"
                    onScroll={[Function]}
                    style={Object {}}
                  >
                    <table
                      style={
                        Object {
                          "tableLayout": "auto",
                        }
                      }
                    >
                      <colgroup />
                      <thead
                        className="ant-table-thead"
                      >
                        <tr>
                          <th
                            className="ant-table-cell"
                            colSpan={null}
                            rowSpan={null}
                            style={Object {}}
                          >
                            Title
                          </th>
                          <th
                            className="ant-table-cell"
                            colSpan={null}
                            rowSpan={null}
                            style={Object {}}
                          >
                            
                          </th>
                          <th
                            className="ant-table-cell"
                            colSpan={null}
                            rowSpan={null}
                            style={Object {}}
                          >
                            
                          </th>
                        </tr>
                      </thead>
                      <tbody
                        className="ant-table-tbody"
                      >
                        <tr
                          className="ant-table-row ant-table-row-level-0"
                          data-row-key={1}
                          onClick={[Function]}
                          style={Object {}}
                        >
                          <td
                            className="ant-table-cell"
                            colSpan={null}
                            rowSpan={null}
                            style={Object {}}
                          >
                            delectus aut autem
                          </td>
                          <td
                            className="ant-table-cell"
                            colSpan={null}
                            rowSpan={null}
                            style={Object {}}
                          >
                            <span
                              aria-label="check-circle"
                              className="anticon anticon-check-circle"
                              onClick={[Function]}
                              role="img"
                              tabIndex={-1}
                            >
                              <svg
                                aria-hidden="true"
                                data-icon="check-circle"
                                fill="currentColor"
                                focusable="false"
                                height="1em"
                                viewBox="64 64 896 896"
                                width="1em"
                              >
                                <path
                                  d="M512 64C264.6 64 64 264.6 64 512s200.6 448 448 448 448-200.6 448-448S759.4 64 512 64zm0 820c-205.4 0-372-166.6-372-372s166.6-372 372-372 372 166.6 372 372-166.6 372-372 372z"
                                  fill="#52c41a"
                                />
                                <path
                                  d="M512 140c-205.4 0-372 166.6-372 372s166.6 372 372 372 372-166.6 372-372-166.6-372-372-372zm193.4 225.7l-210.6 292a31.8 31.8 0 01-51.7 0L318.5 484.9c-3.8-5.3 0-12.7 6.5-12.7h46.9c10.3 0 19.9 5 25.9 13.3l71.2 98.8 157.2-218c6-8.4 15.7-13.3 25.9-13.3H699c6.5 0 10.3 7.4 6.4 12.7z"
                                  fill="#f6ffed"
                                />
                                <path
                                  d="M699 353h-46.9c-10.2 0-19.9 4.9-25.9 13.3L469 584.3l-71.2-98.8c-6-8.3-15.6-13.3-25.9-13.3H325c-6.5 0-10.3 7.4-6.5 12.7l124.6 172.8a31.8 31.8 0 0051.7 0l210.6-292c3.9-5.3.1-12.7-6.4-12.7z"
                                  fill="#52c41a"
                                />
                              </svg>
                            </span>
                          </td>
                          <td
                            className="ant-table-cell"
                            colSpan={null}
                            rowSpan={null}
                            style={Object {}}
                          >
                            <span
                              aria-label="delete"
                              className="anticon anticon-delete"
                              onClick={[Function]}
                              role="img"
                              tabIndex={-1}
                            >
                              <svg
                                aria-hidden="true"
                                data-icon="delete"
                                fill="currentColor"
                                focusable="false"
                                height="1em"
                                viewBox="64 64 896 896"
                                width="1em"
                              >
                                <path
                                  d="M292.7 840h438.6l24.2-512h-487z"
                                  fill="#fff0f6"
                                />
                                <path
                                  d="M864 256H736v-80c0-35.3-28.7-64-64-64H352c-35.3 0-64 28.7-64 64v80H160c-17.7 0-32 14.3-32 32v32c0 4.4 3.6 8 8 8h60.4l24.7 523c1.6 34.1 29.8 61 63.9 61h454c34.2 0 62.3-26.8 63.9-61l24.7-523H888c4.4 0 8-3.6 8-8v-32c0-17.7-14.3-32-32-32zm-504-72h304v72H360v-72zm371.3 656H292.7l-24.2-512h487l-24.2 512z"
                                  fill="#eb2f96"
                                />
                              </svg>
                            </span>
                          </td>
                        </tr>
                      </tbody>
                    </table>
                  </div>
                </div>
              </div>
            </div>
          </div>
        </div>
      </div>
    </div>
    <div
      className="taskContainerBorder"
    >
      <div
        className="displayHeader"
      >
        <div
          className="displayHeaderSize boldHeader"
        >
          Completed Tasks
        </div>
        <div
          className="circle"
        >
          1
        </div>
      </div>
      <div
        className="ant-row"
        style={Object {}}
      >
        <div
          className="ant-table-wrapper"
        >
          <div
            className="ant-spin-nested-loading"
          >
            <div
              className="ant-spin-container"
            >
              <div
                className="ant-table"
              >
                <div
                  className="ant-table-container"
                >
                  <div
                    className="ant-table-content"
                    onScroll={[Function]}
                    style={Object {}}
                  >
                    <table
                      style={
                        Object {
                          "tableLayout": "auto",
                        }
                      }
                    >
                      <colgroup />
                      <thead
                        className="ant-table-thead"
                      >
                        <tr>
                          <th
                            className="ant-table-cell"
                            colSpan={null}
                            rowSpan={null}
                            style={Object {}}
                          >
                            Title
                          </th>
                          <th
                            className="ant-table-cell"
                            colSpan={null}
                            rowSpan={null}
                            style={Object {}}
                          >
                            
                          </th>
                        </tr>
                      </thead>
                      <tbody
                        className="ant-table-tbody"
                      >
                        <tr
                          className="ant-table-row ant-table-row-level-0"
                          data-row-key={2}
                          onClick={[Function]}
                          style={Object {}}
                        >
                          <td
                            className="ant-table-cell"
                            colSpan={null}
                            rowSpan={null}
                            style={Object {}}
                          >
                            quis ut nam facilis et officia qui
                          </td>
                          <td
                            className="ant-table-cell"
                            colSpan={null}
                            rowSpan={null}
                            style={Object {}}
                          >
                            <span
                              aria-label="delete"
                              className="anticon anticon-delete"
                              onClick={[Function]}
                              role="img"
                              tabIndex={-1}
                            >
                              <svg
                                aria-hidden="true"
                                data-icon="delete"
                                fill="currentColor"
                                focusable="false"
                                height="1em"
                                viewBox="64 64 896 896"
                                width="1em"
                              >
                                <path
                                  d="M292.7 840h438.6l24.2-512h-487z"
                                  fill="#fff0f6"
                                />
                                <path
                                  d="M864 256H736v-80c0-35.3-28.7-64-64-64H352c-35.3 0-64 28.7-64 64v80H160c-17.7 0-32 14.3-32 32v32c0 4.4 3.6 8 8 8h60.4l24.7 523c1.6 34.1 29.8 61 63.9 61h454c34.2 0 62.3-26.8 63.9-61l24.7-523H888c4.4 0 8-3.6 8-8v-32c0-17.7-14.3-32-32-32zm-504-72h304v72H360v-72zm371.3 656H292.7l-24.2-512h487l-24.2 512z"
                                  fill="#eb2f96"
                                />
                              </svg>
                            </span>
                          </td>
                        </tr>
                      </tbody>
                    </table>
                  </div>
                </div>
              </div>
            </div>
          </div>
        </div>
      </div>
    </div>
  </div>
</div>
`;
